[linuxjourney.com/index.html]
[backblue.gif]
[fade.gif]
[index.html]
[linuxjourney.com/assets/application-8013fdc35e4c79f95bcb3d655ff61f137ac05bcee52e6d96588427a84eddef12.js]
[linuxjourney.com/assets/application-b0b91461d093aa2ed95d8a7467856e4dc16f55744d3c17a927c3598e5b26cd3f.css]
[linuxjourney.com/assets/favicon-e8bea7a0071e296638a3a1a08be81f0a30b9c945625e5a200fefecd8d9b2ed6c.ico]
[linuxjourney.com/assets/flags/United_States_of_America-998fb392be75a6bf1d89eb60693ecb40e0e883596f16f02f76a8d2f718a2de7a.png]
[linuxjourney.com/assets/flags/France-8ecaabdf7505b39d2a9e890935a76f55107872acb90271b6d9db4c2a7dcc3a10.png]
[linuxjourney.com/assets/flags/Germany-2894e79a5053887a7292215db0bc261ee45629334160c5fc1c3ef4cc8b91e70e.png]
[linuxjourney.com/assets/flags/Greece-4d2c1b371d6dc4e3c831419ee52ac980e556ed7119737995ddbf320717065b20.png]
[linuxjourney.com/assets/flags/Israel-ba517d486904b8a31a4009fec1ae3b99bf4921adb0e809797f775c2dfc455186.png]
[linuxjourney.com/assets/flags/Italy-3ce665f4a9c41759a1cf56f75af3e61429222b6869837c2f2f38dc8681a8481a.png]
[linuxjourney.com/assets/flags/Japan-8217a50b2b40ff83aaeda08d1152153a577d9ad1c03bc90e66bf3c9dc9566edc.png]
[linuxjourney.com/assets/flags/South_Korea-a8cec588b886018d1d45fba84f15191e5e3ad563cdd5919b264e47c1680a80a1.png]
[linuxjourney.com/assets/flags/Macedonia-1a40249014d7e74ed18cdb3babd9ef858e7fafafcfe669ca9a7c10566fb24c5b.png]
[linuxjourney.com/assets/flags/Iran-386c49847194474b095c6f55aa780e602593e2b593a7a8bcdad2a0566f1ca825.png]
[linuxjourney.com/assets/flags/Brazil-310ab6c812922e6c4d41ceb2202068a1d26832e07dae4cecb3830eab8af77b18.png]
[linuxjourney.com/assets/flags/Russian_Federation-53fd16ec69b6d9df7eea62dd5a8b9c25af59baa8083014805f608453f78248a1.png]
[linuxjourney.com/assets/flags/Slovakia-46be644389be9b49b84af277928eaed5c42d3b8896cd16a7003b20f70386937c.png]
[linuxjourney.com/assets/flags/Spain-dfaad24e944a60d73aec50d0c2b4949371e8cc0fbb3df645a81d089811c29c07.png]
[linuxjourney.com/assets/flags/Turkey-20599e2a6d865c86dd4cc820518027a2d7a2b291a15cdca0517d2fb45efa4557.png]
[linuxjourney.com/assets/jumbotron-60c93c2fc6bb16079b70fe2eccacaa05f2d6b002af4ff0667ddd8e283cbf81fd.png]
[cdn-images.mailchimp.com/embedcode/horizontal-slim-10_7.css]
[linuxjourney.com/lesson/linux-history.html]
[linuxjourney.com/assets/getting-started-cd39013b87fac4b4b5d668752511f154a673adc94fad86c9be53f0016bf3bc35.png]
[linuxjourney.com/lesson/the-shell.html]
[linuxjourney.com/assets/command-line-dd6a59e10b5ec94f43e805d35d8556dfd070c25871788dd8b5a09a536a477b0a.png]
[linuxjourney.com/lesson/stdout-standard-out-redirect.html]
[linuxjourney.com/assets/text-fu-622e3761a4638fdc72b7c21d2e6d41ae71861da119bdafe677a9bafa0627f1ca.png]
[linuxjourney.com/lesson/regular-expressions-regex.html]
[linuxjourney.com/assets/text-fu-advanced-384999618925a5ad54abb9113cfab05f5bd3f7e341d16aecbcbf1c83711e2378.png]
[linuxjourney.com/lesson/users-and-groups.html]
[linuxjourney.com/assets/user-management-11b3136e7e9f551e6efa2929fbef7b3f4693dd8e9d33f8db709c3415b6815dca.png]
[linuxjourney.com/lesson/file-permissions.html]
[linuxjourney.com/assets/access-6157a84d9ecc01b59ff9ed57040090948fc8851e60647033087af0f58d4236f4.png]
[linuxjourney.com/lesson/monitor-processes-ps-command.html]
[linuxjourney.com/assets/processes-bf5fd64c3ace61821e8378b9911ef0606de5721e178d319abdc443fb82c9547a.png]
[linuxjourney.com/lesson/software-distribution.html]
[linuxjourney.com/assets/package-management-9a40f89dde6d2e2d861722093b97eadc3b852446125df64ea2ce344dc47ef00d.png]
[linuxjourney.com/lesson/dev-directory.html]
[linuxjourney.com/assets/devices-5088f49b6a0d4ce892e106ee1e837e401de62d8f1ee8648ac00bd9a0e9f576c2.png]
[linuxjourney.com/lesson/filesystem-hierarchy.html]
[linuxjourney.com/assets/filesystem-6bfae474a9f31492fcc960a1c49ed97ac7d64038ddbde2d69258e3e7cd79f241.png]
[linuxjourney.com/lesson/boot-process-overview.html]
[linuxjourney.com/assets/booting-32f576a824d0160350167ece5da8fb719edd1e814ecbfaec20f6da7d9f31bfa0.png]
[linuxjourney.com/lesson/kernel-overview.html]
[linuxjourney.com/assets/kernel-99533d3ebf83d9bb34e8971887d90acb259f72d0092aa1f628d6c7036bd62144.png]
[linuxjourney.com/lesson/sysv-overview.html]
[linuxjourney.com/assets/init-36c89d8f5958b7a10251e5958735345be7997426ab3d6db3f84c4dc04a99f9af.png]
[linuxjourney.com/lesson/tracking-processes-top.html]
[linuxjourney.com/assets/process-utilization-7cbd9417e89126a2548cb7ce59555fe53682fe00aa9e509840c4f22fa25b4d16.png]
[linuxjourney.com/lesson/system-logging.html]
[linuxjourney.com/assets/logging-6a62164e665c33b2f4d0fa4d1a002a934c291ce3fa9eebb8398612256ddb5241.png]
[linuxjourney.com/lesson/network-file-sharing.html]
[linuxjourney.com/assets/network-sharing-160c16689bb42ee68a9047bb8e3741a00934d9e70cf5c9feb8caef9b62a0b8e8.png]
[linuxjourney.com/lesson/network-basics.html]
[linuxjourney.com/assets/network-fundamentals-23b42f49c6f57d45884285ffbfdf44127863ae96243eb51ce39fb139f585cab1.png]
[linuxjourney.com/lesson/ipv4.html]
[linuxjourney.com/assets/subnetting-419b4e0a930964af38188bb919aa65433e7c46e846637eee5e6e820191d63fbc.png]
[linuxjourney.com/lesson/what-is-a-router.html]
[linuxjourney.com/assets/routing-1390297a37feb14fb6ab2434015d60a93c7d3caad58e6ab5ba358a70b4f5a170.png]
[linuxjourney.com/lesson/network-interfaces.html]
[linuxjourney.com/assets/network-configuration-6677cdfe892728ed77e3c4a97e24f5dbcb98fc2b117495b12faec2e156b8f5ed.png]
[linuxjourney.com/lesson/icmp.html]
[linuxjourney.com/assets/network-troubleshooting-5551300f3d2be9d5b3c6165a001ee7861a4d78c7482b130e54d4127ef95cdc14.png]
[linuxjourney.com/lesson/what-is-dns.html]
[linuxjourney.com/assets/dns-ae93614cbe94c428f5f103fd842c2fc887e2e740b3a6bc119a9a37ce11e3faf8.png]
[linuxjourney.com/subscribe.html]
[linuxjourney.com/cdn-cgi/l/email-protection.html]
[linuxjourney.com/index.html]
[linuxjourney.com/cdn-cgi/scripts/5c5dd728/cloudflare-static/email-decode.min.js]
[linuxjourney.com/assets/bootstrap/glyphicons-halflings-regular-f495f34e4f177cf0115af995bbbfeb3fcabc88502876e76fc51a4ab439bc8431.eot]
[linuxjourney.com/assets/bootstrap/glyphicons-halflings-regular-f495f34e4f177cf0115af995bbbfeb3fcabc88502876e76fc51a4ab439bc8431d41d.eot]
[linuxjourney.com/assets/bootstrap/glyphicons-halflings-regular-fc969dc1c6ff531abcf368089dcbaf5775133b0626ff56b52301a059fc0f9e1e.woff]
[linuxjourney.com/assets/bootstrap/glyphicons-halflings-regular-bd18efd3efd70fec8ad09611a20cdbf99440b2c1d40085c29be036f891d65358.ttf]
[linuxjourney.com/assets/application-b0b91461d093aa2ed95d8a7467856e4dc16f55744d3c17a927c3598e5b26cd3f.css]
[cdn-images.mailchimp.com/embedcode/horizontal-slim-10_7.css]
[linuxjourney.com/assets/bootstrap/glyphicons-halflings-regular-d168d50a88c730b4e6830dc0da2a2b51dae4658a77d9619943c27b8ecfc19d1a.svg]
[linuxjourney.com/lesson/choosing-a-linux-distribution.html]
[linuxjourney.com/lesson/debian.html]
[linuxjourney.com/lesson/red-hat-enterprise-linux.html]
[linuxjourney.com/lesson/ubuntu.html]
[linuxjourney.com/lesson/fedora.html]
[linuxjourney.com/lesson/linux-mint.html]
[linuxjourney.com/lesson/gentoo.html]
[linuxjourney.com/lesson/arch-linux.html]
[linuxjourney.com/lesson/linux-history.html]
[linuxjourney.com/lesson/opensuse.html]
[linuxjourney.com/lesson/print-working-directory-pwd-command.html]
[linuxjourney.com/lesson/change-directory-cd-command.html]
[linuxjourney.com/lesson/list-directories-ls-commmand.html]
[linuxjourney.com/lesson/touch-command.html]
[linuxjourney.com/lesson/file-command.html]
[linuxjourney.com/lesson/cat-command.html]
[linuxjourney.com/lesson/less-command.html]
[linuxjourney.com/lesson/history-command.html]
[linuxjourney.com/lesson/copy-cp-command.html]
[linuxjourney.com/lesson/move-mv-command.html]
[linuxjourney.com/lesson/make-directory-mkdir-command.html]
[linuxjourney.com/lesson/remove-rm-command.html]
[linuxjourney.com/lesson/find-command.html]
[linuxjourney.com/lesson/help-command.html]
[linuxjourney.com/lesson/man-command.html]
[linuxjourney.com/lesson/whatis-command.html]
[linuxjourney.com/lesson/alias-command.html]
[linuxjourney.com/lesson/the-shell.html]
[linuxjourney.com/lesson/exit-command.html]
[linuxjourney.com/lesson/stdin-standard-in-redirect.html]
[linuxjourney.com/lesson/stderr-standard-error-redirect.html]
[linuxjourney.com/lesson/pipe-tee-redirect.html]
[linuxjourney.com/lesson/env-environment.html]
[linuxjourney.com/lesson/cut-command.html]
[linuxjourney.com/lesson/paste-command.html]
[linuxjourney.com/lesson/head-command.html]
[linuxjourney.com/lesson/tail-command.html]
[linuxjourney.com/lesson/expand-unexpand-command.html]
[linuxjourney.com/lesson/join-split-command.html]
[linuxjourney.com/lesson/sort-command.html]
[linuxjourney.com/lesson/tr-translate-command.html]
[linuxjourney.com/lesson/uniq-unique-command.html]
[linuxjourney.com/lesson/nl-wc-command.html]
[linuxjourney.com/lesson/stdout-standard-out-redirect.html]
[linuxjourney.com/lesson/grep-command.html]
[linuxjourney.com/lesson/text-editors-vim-or-emacs.html]
[linuxjourney.com/lesson/vim-text-editor.html]
[linuxjourney.com/lesson/vim-search-patterns.html]
[linuxjourney.com/lesson/vim-navigation.html]
[linuxjourney.com/lesson/vim-inserting-appending-text.html]
[linuxjourney.com/lesson/vim-editing.html]
[linuxjourney.com/lesson/vim-saving-and-exiting.html]
[linuxjourney.com/lesson/emacs-text-editor.html]
[linuxjourney.com/lesson/emacs-manipulate-files.html]
[linuxjourney.com/lesson/emacs-buffer-navigation.html]
[linuxjourney.com/lesson/emacs-editing.html]
[linuxjourney.com/lesson/regular-expressions-regex.html]
[linuxjourney.com/lesson/emacs-exiting-and-help.html]
[linuxjourney.com/lesson/root-user.html]
[linuxjourney.com/lesson/etc-passwd-file.html]
[linuxjourney.com/lesson/etc-shadow-file.html]
[linuxjourney.com/lesson/etc-group-file.html]
[linuxjourney.com/lesson/users-and-groups.html]
[linuxjourney.com/lesson/user-management-tools.html]
[linuxjourney.com/lesson/modifying-permissions.html]
[linuxjourney.com/lesson/ownership-permissions.html]
[linuxjourney.com/lesson/umask.html]
[linuxjourney.com/lesson/setuid-set-user-id.html]
[linuxjourney.com/lesson/setgid-set-group-id.html]
[linuxjourney.com/lesson/process-permissions.html]
[linuxjourney.com/lesson/file-permissions.html]
[linuxjourney.com/lesson/sticky-bit.html]
[linuxjourney.com/lesson/controlling-terminal.html]
[linuxjourney.com/lesson/process-details.html]
[linuxjourney.com/lesson/process-creation.html]
[linuxjourney.com/lesson/process-termination.html]
[linuxjourney.com/lesson/process-signals.html]
[linuxjourney.com/lesson/killing-processes.html]
[linuxjourney.com/lesson/process-niceness.html]
[linuxjourney.com/lesson/process-states.html]
[linuxjourney.com/lesson/proc-filesystem.html]
[linuxjourney.com/lesson/monitor-processes-ps-command.html]
[linuxjourney.com/lesson/job-control.html]
[linuxjourney.com/lesson/package-repositories.html]
[linuxjourney.com/lesson/compressed-archives-tar.html]
[linuxjourney.com/lesson/package-dependencies.html]
[linuxjourney.com/lesson/package-install-tools.html]
[linuxjourney.com/lesson/package-management-systems.html]
[linuxjourney.com/lesson/software-distribution.html]
[linuxjourney.com/lesson/compile-source-code.html]
[linuxjourney.com/lesson/device-types.html]
[linuxjourney.com/lesson/device-names.html]
[linuxjourney.com/lesson/sysfs.html]
[linuxjourney.com/lesson/udev.html]
[linuxjourney.com/lesson/listing-devices.html]
[linuxjourney.com/lesson/dev-directory.html]
[linuxjourney.com/lesson/dd-command.html]
[linuxjourney.com/lesson/filesystem-types.html]
[linuxjourney.com/lesson/anatomy-of-a-disk.html]
[linuxjourney.com/lesson/disk-partitioning.html]
[linuxjourney.com/lesson/creating-filesystems.html]
[linuxjourney.com/lesson/mounting-and-unmounting-filesystems.html]
[linuxjourney.com/lesson/etc-fstab-file-system-table.html]
[linuxjourney.com/lesson/swap-space.html]
[linuxjourney.com/lesson/disk-usage.html]
[linuxjourney.com/lesson/filesystem-repair.html]
[linuxjourney.com/lesson/inodes.html]
[linuxjourney.com/lesson/filesystem-hierarchy.html]
[linuxjourney.com/lesson/symlinks.html]
[linuxjourney.com/lesson/boot-process-bios.html]
[linuxjourney.com/lesson/boot-process-bootloader.html]
[linuxjourney.com/lesson/boot-process-kernel.html]
[linuxjourney.com/lesson/boot-process-overview.html]
[linuxjourney.com/lesson/boot-process-init.html]
[linuxjourney.com/lesson/kernel-privilege-levels.html]
[linuxjourney.com/lesson/system-calls.html]
[linuxjourney.com/lesson/kernel-installation.html]
[linuxjourney.com/lesson/kernel-location.html]
[linuxjourney.com/lesson/kernel-overview.html]
[linuxjourney.com/lesson/kernel-modules.html]
[linuxjourney.com/lesson/sysv-services.html]
[linuxjourney.com/lesson/upstart-overview.html]
[linuxjourney.com/lesson/upstart-jobs.html]
[linuxjourney.com/lesson/systemd-overview.html]
[linuxjourney.com/lesson/systemd-goals.html]
[linuxjourney.com/lesson/sysv-overview.html]
[linuxjourney.com/lesson/power-states.html]
[linuxjourney.com/lesson/tracking-processes-lsof-fuser.html]
[linuxjourney.com/lesson/process-threads.html]
[linuxjourney.com/lesson/cpu-monitoring.html]
[linuxjourney.com/lesson/io-monitoring.html]
[linuxjourney.com/lesson/memory-monitoring.html]
[linuxjourney.com/lesson/continuous-monitoring.html]
[linuxjourney.com/lesson/tracking-processes-top.html]
[linuxjourney.com/lesson/cron-jobs.html]
[linuxjourney.com/lesson/syslog.html]
[linuxjourney.com/lesson/general-logging.html]
[linuxjourney.com/lesson/kernel-logging.html]
[linuxjourney.com/lesson/authentication-logging.html]
[linuxjourney.com/lesson/system-logging.html]
[linuxjourney.com/lesson/managing-log-files.html]
[linuxjourney.com/lesson/rsync.html]
[linuxjourney.com/lesson/simple-http-server.html]
[linuxjourney.com/lesson/nfs-network-file-share.html]
[linuxjourney.com/lesson/network-file-sharing.html]
[linuxjourney.com/lesson/samba.html]
[linuxjourney.com/lesson/osi-model.html]
[linuxjourney.com/lesson/tcp-ip-model.html]
[linuxjourney.com/lesson/network-addressing.html]
[linuxjourney.com/lesson/application-layer.html]
[linuxjourney.com/lesson/transport-layer.html]
[linuxjourney.com/lesson/network-layer.html]
[linuxjourney.com/lesson/link-layer.html]
[linuxjourney.com/lesson/network-basics.html]
[linuxjourney.com/lesson/dhcp-overview.html]
[linuxjourney.com/lesson/subnets.html]
[linuxjourney.com/lesson/subnet-math.html]
[linuxjourney.com/lesson/subnetting-cheats.html]
[linuxjourney.com/lesson/classless-interdomain-routing-cidr.html]
[linuxjourney.com/lesson/nat-network-address-translation.html]
[linuxjourney.com/lesson/ipv4.html]
[linuxjourney.com/lesson/ipv6.html]
[linuxjourney.com/lesson/routing-table.html]
[linuxjourney.com/lesson/path-of-a-packet.html]
[linuxjourney.com/lesson/routing-protocols.html]
[linuxjourney.com/lesson/distance-vector-protocols.html]
[linuxjourney.com/lesson/link-state-protocols.html]
[linuxjourney.com/lesson/what-is-a-router.html]
[linuxjourney.com/lesson/bgp-border-gateway-protocol.html]
[linuxjourney.com/lesson/route.html]
[linuxjourney.com/lesson/dhclient.html]
[linuxjourney.com/lesson/network-manager.html]
[linuxjourney.com/lesson/network-interfaces.html]
[linuxjourney.com/lesson/arp-command.html]
[linuxjourney.com/lesson/ping.html]
[linuxjourney.com/lesson/traceroute.html]
[linuxjourney.com/lesson/netstat.html]
[linuxjourney.com/lesson/icmp.html]
[linuxjourney.com/lesson/packet-analysis.html]
[linuxjourney.com/lesson/dns-components.html]
[linuxjourney.com/lesson/dns-process.html]
[linuxjourney.com/lesson/etc-hosts.html]
[linuxjourney.com/lesson/dns-setup.html]
[linuxjourney.com/lesson/what-is-dns.html]
[linuxjourney.com/lesson/dns-tools.html]
[linuxjourney.com/subscribe.html]
[linuxjourney.com/cdn-cgi/l/email-protection.html]
[linuxjourney.com/assets/bootstrap/glyphicons-halflings-regular-d168d50a88c730b4e6830dc0da2a2b51dae4658a77d9619943c27b8ecfc19d1a.svg]
[linuxjourney.com/lesson/choosing-a-linux-distribution.html]
[linuxjourney.com/lesson/debian.html]
[linuxjourney.com/lesson/red-hat-enterprise-linux.html]
[linuxjourney.com/lesson/ubuntu.html]
[linuxjourney.com/lesson/fedora.html]
[linuxjourney.com/lesson/linux-mint.html]
[linuxjourney.com/lesson/gentoo.html]
[linuxjourney.com/lesson/arch-linux.html]
[linuxjourney.com/lesson/opensuse.html]
[linuxjourney.com/lesson/print-working-directory-pwd-command.html]
[linuxjourney.com/lesson/change-directory-cd-command.html]
[linuxjourney.com/lesson/list-directories-ls-commmand.html]
[linuxjourney.com/lesson/touch-command.html]
[linuxjourney.com/lesson/file-command.html]
[linuxjourney.com/lesson/cat-command.html]
[linuxjourney.com/lesson/less-command.html]
[linuxjourney.com/lesson/history-command.html]
[linuxjourney.com/lesson/copy-cp-command.html]
[linuxjourney.com/lesson/move-mv-command.html]
[linuxjourney.com/lesson/make-directory-mkdir-command.html]
[linuxjourney.com/lesson/remove-rm-command.html]
[linuxjourney.com/lesson/find-command.html]
[linuxjourney.com/lesson/help-command.html]
[linuxjourney.com/lesson/man-command.html]
[linuxjourney.com/lesson/whatis-command.html]
[linuxjourney.com/lesson/alias-command.html]
[linuxjourney.com/lesson/exit-command.html]
[linuxjourney.com/lesson/stdin-standard-in-redirect.html]
[linuxjourney.com/lesson/stderr-standard-error-redirect.html]
[linuxjourney.com/lesson/pipe-tee-redirect.html]
[linuxjourney.com/lesson/env-environment.html]
[linuxjourney.com/lesson/cut-command.html]
[linuxjourney.com/lesson/paste-command.html]
[linuxjourney.com/lesson/head-command.html]
[linuxjourney.com/lesson/tail-command.html]
[linuxjourney.com/lesson/expand-unexpand-command.html]
[linuxjourney.com/lesson/join-split-command.html]
[linuxjourney.com/lesson/sort-command.html]
[linuxjourney.com/lesson/tr-translate-command.html]
[linuxjourney.com/lesson/uniq-unique-command.html]
[linuxjourney.com/lesson/nl-wc-command.html]
[linuxjourney.com/lesson/grep-command.html]
[linuxjourney.com/lesson/text-editors-vim-or-emacs.html]
[linuxjourney.com/lesson/vim-text-editor.html]
[linuxjourney.com/lesson/vim-search-patterns.html]
[linuxjourney.com/lesson/vim-navigation.html]
[linuxjourney.com/lesson/vim-inserting-appending-text.html]
[linuxjourney.com/lesson/vim-editing.html]
[linuxjourney.com/lesson/vim-saving-and-exiting.html]
[linuxjourney.com/lesson/emacs-text-editor.html]
[linuxjourney.com/lesson/emacs-manipulate-files.html]
[linuxjourney.com/lesson/emacs-buffer-navigation.html]
[linuxjourney.com/lesson/emacs-editing.html]
[linuxjourney.com/lesson/emacs-exiting-and-help.html]
[linuxjourney.com/lesson/root-user.html]
[linuxjourney.com/lesson/etc-passwd-file.html]
[linuxjourney.com/lesson/etc-shadow-file.html]
[linuxjourney.com/lesson/etc-group-file.html]
[linuxjourney.com/lesson/user-management-tools.html]
[linuxjourney.com/lesson/modifying-permissions.html]
[linuxjourney.com/lesson/ownership-permissions.html]
[linuxjourney.com/lesson/umask.html]
[cdn-images.mailchimp.com/embedcode/classic-081711.css]
[linuxjourney.com/lesson/setuid-set-user-id.html]
[linuxjourney.com/lesson/setgid-set-group-id.html]
[linuxjourney.com/lesson/process-permissions.html]
[linuxjourney.com/lesson/sticky-bit.html]
[linuxjourney.com/lesson/controlling-terminal.html]
[linuxjourney.com/lesson/process-details.html]
[linuxjourney.com/lesson/process-creation.html]
[linuxjourney.com/lesson/process-termination.html]
[linuxjourney.com/lesson/process-signals.html]
[linuxjourney.com/lesson/killing-processes.html]
[linuxjourney.com/lesson/process-niceness.html]
[linuxjourney.com/lesson/process-states.html]
[linuxjourney.com/lesson/proc-filesystem.html]
[linuxjourney.com/lesson/job-control.html]
[linuxjourney.com/lesson/package-repositories.html]
[linuxjourney.com/lesson/compressed-archives-tar.html]
[linuxjourney.com/lesson/package-dependencies.html]
[linuxjourney.com/lesson/package-install-tools.html]
[linuxjourney.com/lesson/package-management-systems.html]
[linuxjourney.com/lesson/compile-source-code.html]
[linuxjourney.com/lesson/device-types.html]
[linuxjourney.com/lesson/device-names.html]
[linuxjourney.com/lesson/sysfs.html]
[linuxjourney.com/lesson/udev.html]
[linuxjourney.com/lesson/listing-devices.html]
[linuxjourney.com/lesson/dd-command.html]
[linuxjourney.com/lesson/filesystem-types.html]
[linuxjourney.com/lesson/anatomy-of-a-disk.html]
[linuxjourney.com/lesson/disk-partitioning.html]
[linuxjourney.com/lesson/creating-filesystems.html]
[linuxjourney.com/lesson/mounting-and-unmounting-filesystems.html]
[linuxjourney.com/lesson/etc-fstab-file-system-table.html]
[linuxjourney.com/lesson/swap-space.html]
[linuxjourney.com/lesson/disk-usage.html]
[linuxjourney.com/lesson/filesystem-repair.html]
[linuxjourney.com/lesson/inodes.html]
[linuxjourney.com/lesson/symlinks.html]
[linuxjourney.com/lesson/boot-process-bios.html]
[linuxjourney.com/lesson/boot-process-bootloader.html]
[linuxjourney.com/lesson/boot-process-kernel.html]
[linuxjourney.com/lesson/boot-process-init.html]
[linuxjourney.com/lesson/kernel-privilege-levels.html]
[linuxjourney.com/lesson/system-calls.html]
[linuxjourney.com/lesson/kernel-installation.html]
[linuxjourney.com/lesson/kernel-location.html]
[linuxjourney.com/lesson/kernel-modules.html]
[linuxjourney.com/lesson/sysv-services.html]
[linuxjourney.com/lesson/upstart-overview.html]
[linuxjourney.com/lesson/upstart-jobs.html]
[linuxjourney.com/lesson/systemd-overview.html]
[linuxjourney.com/lesson/systemd-goals.html]
[linuxjourney.com/lesson/power-states.html]
[linuxjourney.com/lesson/tracking-processes-lsof-fuser.html]
[linuxjourney.com/lesson/process-threads.html]
[linuxjourney.com/lesson/cpu-monitoring.html]
[linuxjourney.com/lesson/io-monitoring.html]
[linuxjourney.com/lesson/memory-monitoring.html]
[linuxjourney.com/lesson/continuous-monitoring.html]
[linuxjourney.com/lesson/cron-jobs.html]
[linuxjourney.com/lesson/syslog.html]
[linuxjourney.com/lesson/general-logging.html]
[linuxjourney.com/lesson/kernel-logging.html]
[linuxjourney.com/lesson/authentication-logging.html]
[linuxjourney.com/lesson/managing-log-files.html]
[linuxjourney.com/lesson/rsync.html]
[linuxjourney.com/lesson/simple-http-server.html]
[linuxjourney.com/lesson/nfs-network-file-share.html]
[linuxjourney.com/lesson/samba.html]
[linuxjourney.com/lesson/osi-model.html]
[linuxjourney.com/lesson/tcp-ip-model.html]
[linuxjourney.com/lesson/network-addressing.html]
[linuxjourney.com/lesson/application-layer.html]
[linuxjourney.com/lesson/transport-layer.html]
[linuxjourney.com/lesson/network-layer.html]
[linuxjourney.com/lesson/link-layer.html]
[linuxjourney.com/lesson/dhcp-overview.html]
[linuxjourney.com/lesson/subnets.html]
[linuxjourney.com/lesson/subnet-math.html]
[linuxjourney.com/lesson/subnetting-cheats.html]
[linuxjourney.com/lesson/classless-interdomain-routing-cidr.html]
[linuxjourney.com/lesson/nat-network-address-translation.html]
[linuxjourney.com/lesson/ipv6.html]
[linuxjourney.com/lesson/routing-table.html]
[linuxjourney.com/lesson/path-of-a-packet.html]
[linuxjourney.com/lesson/routing-protocols.html]
[linuxjourney.com/lesson/distance-vector-protocols.html]
[linuxjourney.com/lesson/link-state-protocols.html]
[linuxjourney.com/lesson/bgp-border-gateway-protocol.html]
[linuxjourney.com/lesson/route.html]
[linuxjourney.com/lesson/dhclient.html]
[linuxjourney.com/lesson/network-manager.html]
[linuxjourney.com/lesson/arp-command.html]
[linuxjourney.com/lesson/ping.html]
[linuxjourney.com/lesson/traceroute.html]
[linuxjourney.com/lesson/netstat.html]
[linuxjourney.com/lesson/packet-analysis.html]
[linuxjourney.com/lesson/dns-components.html]
[linuxjourney.com/lesson/dns-process.html]
[linuxjourney.com/lesson/etc-hosts.html]
[linuxjourney.com/lesson/dns-setup.html]
[linuxjourney.com/lesson/dns-tools.html]
[cdn-images.mailchimp.com/embedcode/classic-081711.css]
